Archive member included because of file (symbol)

c:/winavr-20100110/bin/../lib/gcc/avr/4.3.3/avr5\libgcc.a(_exit.o)
                              c:/winavr-20100110/bin/../lib/gcc/avr/4.3.3/../../../../avr/lib/avr5/crtm32u4.o (exit)
c:/winavr-20100110/bin/../lib/gcc/avr/4.3.3/avr5\libgcc.a(_copy_data.o)
                              BootloaderHID.o (__do_copy_data)
c:/winavr-20100110/bin/../lib/gcc/avr/4.3.3/avr5\libgcc.a(_clear_bss.o)
                              BootloaderHID.o (__do_clear_bss)
c:/winavr-20100110/bin/../lib/gcc/avr/4.3.3/../../../../avr/lib/avr5\libc.a(eerd_byte_atmega32u4.o)
                              ../../LUFA/Drivers/USB/Core/EndpointStream.o (__eerd_byte_m32u4)
c:/winavr-20100110/bin/../lib/gcc/avr/4.3.3/../../../../avr/lib/avr5\libc.a(eeupd_byte_atmega32u4.o)
                              ../../LUFA/Drivers/USB/Core/EndpointStream.o (__eeupd_byte_m32u4)

Allocating common symbols
Common symbol       size              file

USB_IsInitialized   0x1               ../../LUFA/Drivers/USB/Core/USBTask.o
CurrAddress         0x4               BootloaderHID.o
screenMem           0x8               BootloaderHID.o
USB_ControlRequest  0x8               ../../LUFA/Drivers/USB/Core/USBTask.o
USB_ConfigurationNumber
                    0x1               ../../LUFA/Drivers/USB/Core/DeviceStandardReq.o

Discarded input sections

 .data          0x00000000        0x0 c:/winavr-20100110/bin/../lib/gcc/avr/4.3.3/../../../../avr/lib/avr5/crtm32u4.o
 .bss           0x00000000        0x0 c:/winavr-20100110/bin/../lib/gcc/avr/4.3.3/../../../../avr/lib/avr5/crtm32u4.o
 .text          0x00000000        0x0 BootloaderHID.o
 .text          0x00000000        0x0 Descriptors.o
 .bss           0x00000000        0x0 Descriptors.o
 .text          0x00000000        0x0 ../../LUFA/Drivers/USB/Core/AVR8/Device_AVR8.o
 .data          0x00000000        0x0 ../../LUFA/Drivers/USB/Core/AVR8/Device_AVR8.o
 .bss           0x00000000        0x0 ../../LUFA/Drivers/USB/Core/AVR8/Device_AVR8.o
 .text.USB_Device_SendRemoteWakeup
                0x00000000        0x0 ../../LUFA/Drivers/USB/Core/AVR8/Device_AVR8.o
 .text          0x00000000        0x0 ../../LUFA/Drivers/USB/Core/AVR8/Endpoint_AVR8.o
 .data          0x00000000        0x0 ../../LUFA/Drivers/USB/Core/AVR8/Endpoint_AVR8.o
 .bss           0x00000000        0x0 ../../LUFA/Drivers/USB/Core/AVR8/Endpoint_AVR8.o
 .text.Endpoint_ClearEndpoints
                0x00000000        0x0 ../../LUFA/Drivers/USB/Core/AVR8/Endpoint_AVR8.o
 .text.Endpoint_WaitUntilReady
                0x00000000        0x0 ../../LUFA/Drivers/USB/Core/AVR8/Endpoint_AVR8.o
 .text          0x00000000        0x0 ../../LUFA/Drivers/USB/Core/AVR8/Host_AVR8.o
 .data          0x00000000        0x0 ../../LUFA/Drivers/USB/Core/AVR8/Host_AVR8.o
 .bss           0x00000000        0x0 ../../LUFA/Drivers/USB/Core/AVR8/Host_AVR8.o
 .text          0x00000000        0x0 ../../LUFA/Drivers/USB/Core/AVR8/Pipe_AVR8.o
 .data          0x00000000        0x0 ../../LUFA/Drivers/USB/Core/AVR8/Pipe_AVR8.o
 .bss           0x00000000        0x0 ../../LUFA/Drivers/USB/Core/AVR8/Pipe_AVR8.o
 .text          0x00000000        0x0 ../../LUFA/Drivers/USB/Core/AVR8/USBController_AVR8.o
 .data          0x00000000        0x0 ../../LUFA/Drivers/USB/Core/AVR8/USBController_AVR8.o
 .bss           0x00000000        0x0 ../../LUFA/Drivers/USB/Core/AVR8/USBController_AVR8.o
 .text          0x00000000        0x0 ../../LUFA/Drivers/USB/Core/AVR8/USBInterrupt_AVR8.o
 .data          0x00000000        0x0 ../../LUFA/Drivers/USB/Core/AVR8/USBInterrupt_AVR8.o
 .bss           0x00000000        0x0 ../../LUFA/Drivers/USB/Core/AVR8/USBInterrupt_AVR8.o
 .text          0x00000000        0x0 ../../LUFA/Drivers/USB/Core/ConfigDescriptor.o
 .data          0x00000000        0x0 ../../LUFA/Drivers/USB/Core/ConfigDescriptor.o
 .bss           0x00000000        0x0 ../../LUFA/Drivers/USB/Core/ConfigDescriptor.o
 .text.USB_GetNextDescriptorOfType
                0x00000000        0x0 ../../LUFA/Drivers/USB/Core/ConfigDescriptor.o
 .text.USB_GetNextDescriptorOfTypeBefore
                0x00000000        0x0 ../../LUFA/Drivers/USB/Core/ConfigDescriptor.o
 .text.USB_GetNextDescriptorOfTypeAfter
                0x00000000        0x0 ../../LUFA/Drivers/USB/Core/ConfigDescriptor.o
 .text.USB_GetNextDescriptorComp
                0x00000000        0x0 ../../LUFA/Drivers/USB/Core/ConfigDescriptor.o
 .text          0x00000000        0x0 ../../LUFA/Drivers/USB/Core/DeviceStandardReq.o
 .data          0x00000000        0x0 ../../LUFA/Drivers/USB/Core/DeviceStandardReq.o
 .bss           0x00000000        0x0 ../../LUFA/Drivers/USB/Core/DeviceStandardReq.o
 .text          0x00000000        0x0 ../../LUFA/Drivers/USB/Core/Events.o
 .data          0x00000000        0x0 ../../LUFA/Drivers/USB/Core/Events.o
 .bss           0x00000000        0x0 ../../LUFA/Drivers/USB/Core/Events.o
 .text          0x00000000        0x0 ../../LUFA/Drivers/USB/Core/EndpointStream.o
 .data          0x00000000        0x0 ../../LUFA/Drivers/USB/Core/EndpointStream.o
 .bss           0x00000000        0x0 ../../LUFA/Drivers/USB/Core/EndpointStream.o
 .text.Endpoint_Write_Control_Stream_BE
                0x00000000        0x0 ../../LUFA/Drivers/USB/Core/EndpointStream.o
 .text.Endpoint_Read_Control_Stream_LE
                0x00000000        0x0 ../../LUFA/Drivers/USB/Core/EndpointStream.o
 .text.Endpoint_Read_Control_Stream_BE
                0x00000000        0x0 ../../LUFA/Drivers/USB/Core/EndpointStream.o
 .text.Endpoint_Write_Control_PStream_LE
                0x00000000        0x0 ../../LUFA/Drivers/USB/Core/EndpointStream.o
 .text.Endpoint_Write_Control_PStream_BE
                0x00000000        0x0 ../../LUFA/Drivers/USB/Core/EndpointStream.o
 .text.Endpoint_Read_Control_EStream_BE
                0x00000000        0x0 ../../LUFA/Drivers/USB/Core/EndpointStream.o
 .text.Endpoint_Read_Control_EStream_LE
                0x00000000        0x0 ../../LUFA/Drivers/USB/Core/EndpointStream.o
 .text.Endpoint_Write_Control_EStream_BE
                0x00000000        0x0 ../../LUFA/Drivers/USB/Core/EndpointStream.o
 .text.Endpoint_Write_Control_EStream_LE
                0x00000000        0x0 ../../LUFA/Drivers/USB/Core/EndpointStream.o
 .text.Endpoint_Null_Stream
                0x00000000        0x0 ../../LUFA/Drivers/USB/Core/EndpointStream.o
 .text.Endpoint_Discard_Stream
                0x00000000        0x0 ../../LUFA/Drivers/USB/Core/EndpointStream.o
 .text.Endpoint_Read_EStream_BE
                0x00000000        0x0 ../../LUFA/Drivers/USB/Core/EndpointStream.o
 .text.Endpoint_Read_EStream_LE
                0x00000000        0x0 ../../LUFA/Drivers/USB/Core/EndpointStream.o
 .text.Endpoint_Write_EStream_BE
                0x00000000        0x0 ../../LUFA/Drivers/USB/Core/EndpointStream.o
 .text.Endpoint_Write_EStream_LE
                0x00000000        0x0 ../../LUFA/Drivers/USB/Core/EndpointStream.o
 .text.Endpoint_Write_PStream_BE
                0x00000000        0x0 ../../LUFA/Drivers/USB/Core/EndpointStream.o
 .text.Endpoint_Write_PStream_LE
                0x00000000        0x0 ../../LUFA/Drivers/USB/Core/EndpointStream.o
 .text.Endpoint_Read_Stream_BE
                0x00000000        0x0 ../../LUFA/Drivers/USB/Core/EndpointStream.o
 .text.Endpoint_Read_Stream_LE
                0x00000000        0x0 ../../LUFA/Drivers/USB/Core/EndpointStream.o
 .text.Endpoint_Write_Stream_BE
                0x00000000        0x0 ../../LUFA/Drivers/USB/Core/EndpointStream.o
 .text.Endpoint_Write_Stream_LE
                0x00000000        0x0 ../../LUFA/Drivers/USB/Core/EndpointStream.o
 .text          0x00000000        0x0 ../../LUFA/Drivers/USB/Core/HostStandardReq.o
 .data          0x00000000        0x0 ../../LUFA/Drivers/USB/Core/HostStandardReq.o
 .bss           0x00000000        0x0 ../../LUFA/Drivers/USB/Core/HostStandardReq.o
 .text          0x00000000        0x0 ../../LUFA/Drivers/USB/Core/PipeStream.o
 .data          0x00000000        0x0 ../../LUFA/Drivers/USB/Core/PipeStream.o
 .bss           0x00000000        0x0 ../../LUFA/Drivers/USB/Core/PipeStream.o
 .text          0x00000000        0x0 ../../LUFA/Drivers/USB/Core/USBTask.o
 .data          0x00000000        0x0 ../../LUFA/Drivers/USB/Core/USBTask.o
 .bss           0x00000000        0x0 ../../LUFA/Drivers/USB/Core/USBTask.o
 .text          0x00000000        0x0 ../../LUFA/Drivers/USB/Class/Common/HIDParser.o
 .data          0x00000000        0x0 ../../LUFA/Drivers/USB/Class/Common/HIDParser.o
 .bss           0x00000000        0x0 ../../LUFA/Drivers/USB/Class/Common/HIDParser.o
 .text.USB_GetHIDReportItemInfo
                0x00000000        0x0 ../../LUFA/Drivers/USB/Class/Common/HIDParser.o
 .text.USB_SetHIDReportItemInfo
                0x00000000        0x0 ../../LUFA/Drivers/USB/Class/Common/HIDParser.o
 .text.USB_GetHIDReportSize
                0x00000000        0x0 ../../LUFA/Drivers/USB/Class/Common/HIDParser.o
 .text.USB_ProcessHIDReport
                0x00000000        0x0 ../../LUFA/Drivers/USB/Class/Common/HIDParser.o
 .text          0x00000000        0x0 c:/winavr-20100110/bin/../lib/gcc/avr/4.3.3/avr5\libgcc.a(_exit.o)
 .data          0x00000000        0x0 c:/winavr-20100110/bin/../lib/gcc/avr/4.3.3/avr5\libgcc.a(_exit.o)
 .bss           0x00000000        0x0 c:/winavr-20100110/bin/../lib/gcc/avr/4.3.3/avr5\libgcc.a(_exit.o)
 .text.libgcc   0x00000000        0x0 c:/winavr-20100110/bin/../lib/gcc/avr/4.3.3/avr5\libgcc.a(_exit.o)
 .text          0x00000000        0x0 c:/winavr-20100110/bin/../lib/gcc/avr/4.3.3/avr5\libgcc.a(_copy_data.o)
 .data          0x00000000        0x0 c:/winavr-20100110/bin/../lib/gcc/avr/4.3.3/avr5\libgcc.a(_copy_data.o)
 .bss           0x00000000        0x0 c:/winavr-20100110/bin/../lib/gcc/avr/4.3.3/avr5\libgcc.a(_copy_data.o)
 .text.libgcc   0x00000000        0x0 c:/winavr-20100110/bin/../lib/gcc/avr/4.3.3/avr5\libgcc.a(_copy_data.o)
 .text          0x00000000        0x0 c:/winavr-20100110/bin/../lib/gcc/avr/4.3.3/avr5\libgcc.a(_clear_bss.o)
 .data          0x00000000        0x0 c:/winavr-20100110/bin/../lib/gcc/avr/4.3.3/avr5\libgcc.a(_clear_bss.o)
 .bss           0x00000000        0x0 c:/winavr-20100110/bin/../lib/gcc/avr/4.3.3/avr5\libgcc.a(_clear_bss.o)
 .text.libgcc   0x00000000        0x0 c:/winavr-20100110/bin/../lib/gcc/avr/4.3.3/avr5\libgcc.a(_clear_bss.o)
 .text          0x00000000        0x0 c:/winavr-20100110/bin/../lib/gcc/avr/4.3.3/../../../../avr/lib/avr5\libc.a(eerd_byte_atmega32u4.o)
 .data          0x00000000        0x0 c:/winavr-20100110/bin/../lib/gcc/avr/4.3.3/../../../../avr/lib/avr5\libc.a(eerd_byte_atmega32u4.o)
 .bss           0x00000000        0x0 c:/winavr-20100110/bin/../lib/gcc/avr/4.3.3/../../../../avr/lib/avr5\libc.a(eerd_byte_atmega32u4.o)
 .text.avr-libc
                0x00000000        0x0 c:/winavr-20100110/bin/../lib/gcc/avr/4.3.3/../../../../avr/lib/avr5\libc.a(eerd_byte_atmega32u4.o)
 .text          0x00000000        0x0 c:/winavr-20100110/bin/../lib/gcc/avr/4.3.3/../../../../avr/lib/avr5\libc.a(eeupd_byte_atmega32u4.o)
 .data          0x00000000        0x0 c:/winavr-20100110/bin/../lib/gcc/avr/4.3.3/../../../../avr/lib/avr5\libc.a(eeupd_byte_atmega32u4.o)
 .bss           0x00000000        0x0 c:/winavr-20100110/bin/../lib/gcc/avr/4.3.3/../../../../avr/lib/avr5\libc.a(eeupd_byte_atmega32u4.o)
 .text.avr-libc
                0x00000000        0x0 c:/winavr-20100110/bin/../lib/gcc/avr/4.3.3/../../../../avr/lib/avr5\libc.a(eeupd_byte_atmega32u4.o)

Memory Configuration

Name             Origin             Length             Attributes
text             0x00000000         0x00020000         xr
data             0x00800060         0x0000ffa0         rw !x
eeprom           0x00810000         0x00010000         rw !x
fuse             0x00820000         0x00000400         rw !x
lock             0x00830000         0x00000400         rw !x
signature        0x00840000         0x00000400         rw !x
*default*        0x00000000         0xffffffff

Linker script and memory map

Address of section .data set to 0x800100
LOAD c:/winavr-20100110/bin/../lib/gcc/avr/4.3.3/../../../../avr/lib/avr5/crtm32u4.o
LOAD BootloaderHID.o
LOAD Descriptors.o
LOAD ../../LUFA/Drivers/USB/Core/AVR8/Device_AVR8.o
LOAD ../../LUFA/Drivers/USB/Core/AVR8/Endpoint_AVR8.o
LOAD ../../LUFA/Drivers/USB/Core/AVR8/Host_AVR8.o
LOAD ../../LUFA/Drivers/USB/Core/AVR8/Pipe_AVR8.o
LOAD ../../LUFA/Drivers/USB/Core/AVR8/USBController_AVR8.o
LOAD ../../LUFA/Drivers/USB/Core/AVR8/USBInterrupt_AVR8.o
LOAD ../../LUFA/Drivers/USB/Core/ConfigDescriptor.o
LOAD ../../LUFA/Drivers/USB/Core/DeviceStandardReq.o
LOAD ../../LUFA/Drivers/USB/Core/Events.o
LOAD ../../LUFA/Drivers/USB/Core/EndpointStream.o
LOAD ../../LUFA/Drivers/USB/Core/HostStandardReq.o
LOAD ../../LUFA/Drivers/USB/Core/PipeStream.o
LOAD ../../LUFA/Drivers/USB/Core/USBTask.o
LOAD ../../LUFA/Drivers/USB/Class/Common/HIDParser.o
Address of section .text set to 0x7000
LOAD c:/winavr-20100110/bin/../lib/gcc/avr/4.3.3/../../../../avr/lib/avr5\libm.a
LOAD c:/winavr-20100110/bin/../lib/gcc/avr/4.3.3/avr5\libgcc.a
LOAD c:/winavr-20100110/bin/../lib/gcc/avr/4.3.3/../../../../avr/lib/avr5\libc.a
LOAD c:/winavr-20100110/bin/../lib/gcc/avr/4.3.3/avr5\libgcc.a

.hash
 *(.hash)

.dynsym
 *(.dynsym)

.dynstr
 *(.dynstr)

.gnu.version
 *(.gnu.version)

.gnu.version_d
 *(.gnu.version_d)

.gnu.version_r
 *(.gnu.version_r)

.rel.init
 *(.rel.init)

.rela.init
 *(.rela.init)

.rel.text
 *(.rel.text)
 *(.rel.text.*)
 *(.rel.gnu.linkonce.t*)

.rela.text
 *(.rela.text)
 *(.rela.text.*)
 *(.rela.gnu.linkonce.t*)

.rel.fini
 *(.rel.fini)

.rela.fini
 *(.rela.fini)

.rel.rodata
 *(.rel.rodata)
 *(.rel.rodata.*)
 *(.rel.gnu.linkonce.r*)

.rela.rodata
 *(.rela.rodata)
 *(.rela.rodata.*)
 *(.rela.gnu.linkonce.r*)

.rel.data
 *(.rel.data)
 *(.rel.data.*)
 *(.rel.gnu.linkonce.d*)

.rela.data
 *(.rela.data)
 *(.rela.data.*)
 *(.rela.gnu.linkonce.d*)

.rel.ctors
 *(.rel.ctors)

.rela.ctors
 *(.rela.ctors)

.rel.dtors
 *(.rel.dtors)

.rela.dtors
 *(.rela.dtors)

.rel.got
 *(.rel.got)

.rela.got
 *(.rela.got)

.rel.bss
 *(.rel.bss)

.rela.bss
 *(.rela.bss)

.rel.plt
 *(.rel.plt)

.rela.plt
 *(.rela.plt)

.text           0x00007000      0x9c2
 *(.vectors)
 .vectors       0x00007000       0xac c:/winavr-20100110/bin/../lib/gcc/avr/4.3.3/../../../../avr/lib/avr5/crtm32u4.o
                0x00007000                __vectors
                0x00007000                __vector_default
 *(.vectors)
 *(.progmem.gcc*)
 *(.progmem*)
                0x000070ac                . = ALIGN (0x2)
                0x000070ac                __trampolines_start = .
 *(.trampolines)
 .trampolines   0x000070ac        0x0 linker stubs
 *(.trampolines*)
                0x000070ac                __trampolines_end = .
 *(.jumptables)
 *(.jumptables*)
 *(.lowtext)
 *(.lowtext*)
                0x000070ac                __ctors_start = .
 *(.ctors)
                0x000070ac                __ctors_end = .
                0x000070ac                __dtors_start = .
 *(.dtors)
                0x000070ac                __dtors_end = .
 SORT(*)(.ctors)
 SORT(*)(.dtors)
 *(.init0)
 .init0         0x000070ac        0x0 c:/winavr-20100110/bin/../lib/gcc/avr/4.3.3/../../../../avr/lib/avr5/crtm32u4.o
                0x000070ac                __init
 *(.init0)
 *(.init1)
 *(.init1)
 *(.init2)
 .init2         0x000070ac        0xc c:/winavr-20100110/bin/../lib/gcc/avr/4.3.3/../../../../avr/lib/avr5/crtm32u4.o
 *(.init2)
 *(.init3)
 *(.init3)
 *(.init4)
 .init4         0x000070b8       0x16 c:/winavr-20100110/bin/../lib/gcc/avr/4.3.3/avr5\libgcc.a(_copy_data.o)
                0x000070b8                __do_copy_data
 .init4         0x000070ce       0x10 c:/winavr-20100110/bin/../lib/gcc/avr/4.3.3/avr5\libgcc.a(_clear_bss.o)
                0x000070ce                __do_clear_bss
 *(.init4)
 *(.init5)
 *(.init5)
 *(.init6)
 *(.init6)
 *(.init7)
 *(.init7)
 *(.init8)
 *(.init8)
 *(.init9)
 .init9         0x000070de        0x4 c:/winavr-20100110/bin/../lib/gcc/avr/4.3.3/../../../../avr/lib/avr5/crtm32u4.o
 *(.init9)
 *(.text)
 .text          0x000070e2        0x2 c:/winavr-20100110/bin/../lib/gcc/avr/4.3.3/../../../../avr/lib/avr5/crtm32u4.o
                0x000070e2                __vector_38
                0x000070e2                __vector_22
                0x000070e2                __vector_28
                0x000070e2                __vector_1
                0x000070e2                __vector_32
                0x000070e2                __vector_34
                0x000070e2                __vector_24
                0x000070e2                __vector_12
                0x000070e2                __bad_interrupt
                0x000070e2                __vector_6
                0x000070e2                __vector_31
                0x000070e2                __vector_35
                0x000070e2                __vector_39
                0x000070e2                __vector_3
                0x000070e2                __vector_23
                0x000070e2                __vector_30
                0x000070e2                __vector_25
                0x000070e2                __vector_11
                0x000070e2                __vector_13
                0x000070e2                __vector_19
                0x000070e2                __vector_7
                0x000070e2                __vector_41
                0x000070e2                __vector_27
                0x000070e2                __vector_5
                0x000070e2                __vector_33
                0x000070e2                __vector_37
                0x000070e2                __vector_4
                0x000070e2                __vector_9
                0x000070e2                __vector_2
                0x000070e2                __vector_21
                0x000070e2                __vector_15
                0x000070e2                __vector_36
                0x000070e2                __vector_29
                0x000070e2                __vector_40
                0x000070e2                __vector_8
                0x000070e2                __vector_26
                0x000070e2                __vector_14
                0x000070e2                __vector_16
                0x000070e2                __vector_18
                0x000070e2                __vector_20
                0x000070e2                __vector_42
                0x000070e4                . = ALIGN (0x2)
 *(.text.*)
 .text.Bootloader_StartUserApp
                0x000070e4       0x10 BootloaderHID.o
                0x000070e4                Bootloader_StartUserApp
 .text.initDisplay
                0x000070f4       0x7a BootloaderHID.o
                0x000070f4                initDisplay
 .text.__vector_17
                0x0000716e       0xd0 BootloaderHID.o
                0x0000716e                __vector_17
 .text.EVENT_USB_Device_ControlRequest
                0x0000723e       0xd6 BootloaderHID.o
                0x0000723e                EVENT_USB_Device_ControlRequest
 .text.EVENT_USB_Device_ConfigurationChanged
                0x00007314        0x8 BootloaderHID.o
                0x00007314                EVENT_USB_Device_ConfigurationChanged
 .text.SetupHardware
                0x0000731c       0x34 BootloaderHID.o
                0x0000731c                SetupHardware
 .text.main     0x00007350       0x4e BootloaderHID.o
                0x00007350                main
 .text.CALLBACK_USB_GetDescriptor
                0x0000739e       0x3c Descriptors.o
                0x0000739e                CALLBACK_USB_GetDescriptor
 .text.Endpoint_ConfigureEndpoint_Prv
                0x000073da       0x26 ../../LUFA/Drivers/USB/Core/AVR8/Endpoint_AVR8.o
                0x000073da                Endpoint_ConfigureEndpoint_Prv
 .text.Endpoint_ClearStatusStage
                0x00007400       0x3e ../../LUFA/Drivers/USB/Core/AVR8/Endpoint_AVR8.o
                0x00007400                Endpoint_ClearStatusStage
 .text.USB_Disable
                0x0000743e       0x30 ../../LUFA/Drivers/USB/Core/AVR8/USBController_AVR8.o
                0x0000743e                USB_Disable
 .text.USB_ResetInterface
                0x0000746e       0x7e ../../LUFA/Drivers/USB/Core/AVR8/USBController_AVR8.o
                0x0000746e                USB_ResetInterface
 .text.USB_Init
                0x000074ec       0x16 ../../LUFA/Drivers/USB/Core/AVR8/USBController_AVR8.o
                0x000074ec                USB_Init
 .text.USB_INT_DisableAllInterrupts
                0x00007502       0x10 ../../LUFA/Drivers/USB/Core/AVR8/USBInterrupt_AVR8.o
                0x00007502                USB_INT_DisableAllInterrupts
 .text.USB_INT_ClearAllInterrupts
                0x00007512        0xa ../../LUFA/Drivers/USB/Core/AVR8/USBInterrupt_AVR8.o
                0x00007512                USB_INT_ClearAllInterrupts
 .text.__vector_10
                0x0000751c      0x166 ../../LUFA/Drivers/USB/Core/AVR8/USBInterrupt_AVR8.o
                0x0000751c                __vector_10
 .text.USB_Device_ProcessControlRequest
                0x00007682      0x24e ../../LUFA/Drivers/USB/Core/DeviceStandardReq.o
                0x00007682                USB_Device_ProcessControlRequest
 .text.USB_Event_Stub
                0x000078d0        0x2 ../../LUFA/Drivers/USB/Core/Events.o
                0x000078d0                EVENT_USB_Device_Connect
                0x000078d0                EVENT_USB_Device_WakeUp
                0x000078d0                USB_Event_Stub
                0x000078d0                EVENT_USB_Device_Suspend
                0x000078d0                EVENT_USB_Device_StartOfFrame
                0x000078d0                EVENT_USB_Device_Disconnect
                0x000078d0                EVENT_USB_Device_Reset
 .text.Endpoint_Write_Control_Stream_LE
                0x000078d2       0xc8 ../../LUFA/Drivers/USB/Core/EndpointStream.o
                0x000078d2                Endpoint_Write_Control_Stream_LE
 .text.USB_USBTask
                0x0000799a       0x24 ../../LUFA/Drivers/USB/Core/USBTask.o
                0x0000799a                USB_USBTask
                0x000079be                . = ALIGN (0x2)
 *(.fini9)
 .fini9         0x000079be        0x0 c:/winavr-20100110/bin/../lib/gcc/avr/4.3.3/avr5\libgcc.a(_exit.o)
                0x000079be                exit
                0x000079be                _exit
 *(.fini9)
 *(.fini8)
 *(.fini8)
 *(.fini7)
 *(.fini7)
 *(.fini6)
 *(.fini6)
 *(.fini5)
 *(.fini5)
 *(.fini4)
 *(.fini4)
 *(.fini3)
 *(.fini3)
 *(.fini2)
 *(.fini2)
 *(.fini1)
 *(.fini1)
 *(.fini0)
 .fini0         0x000079be        0x4 c:/winavr-20100110/bin/../lib/gcc/avr/4.3.3/avr5\libgcc.a(_exit.o)
 *(.fini0)
                0x000079c2                _etext = .

.data           0x00800100       0x4a load address 0x000079c2
                0x00800100                PROVIDE (__data_start, .)
 *(.data)
 .data          0x00800100        0x1 BootloaderHID.o
 .data          0x00800101       0x49 Descriptors.o
                0x00800101                HIDReport
                0x00800116                DeviceDescriptor
                0x00800128                ConfigurationDescriptor
 *(.data*)
 *(.rodata)
 *(.rodata*)
 *(.gnu.linkonce.d*)
                0x0080014a                . = ALIGN (0x2)
                0x0080014a                _edata = .
                0x0080014a                PROVIDE (__data_end, .)

.bss            0x0080014a       0x1a
                0x0080014a                PROVIDE (__bss_start, .)
 *(.bss)
 .bss           0x0080014a        0x4 BootloaderHID.o
                0x0080014a                start
 *(.bss*)
 *(COMMON)
 COMMON         0x0080014e        0xc BootloaderHID.o
                0x0080014e                CurrAddress
                0x00800152                screenMem
 COMMON         0x0080015a        0x1 ../../LUFA/Drivers/USB/Core/DeviceStandardReq.o
                0x0080015a                USB_ConfigurationNumber
 COMMON         0x0080015b        0x9 ../../LUFA/Drivers/USB/Core/USBTask.o
                0x0080015b                USB_IsInitialized
                0x0080015c                USB_ControlRequest
                0x00800164                PROVIDE (__bss_end, .)
                0x000079c2                __data_load_start = LOADADDR (.data)
                0x00007a0c                __data_load_end = (__data_load_start + SIZEOF (.data))

.noinit         0x00800164        0x0
                0x00800164                PROVIDE (__noinit_start, .)
 *(.noinit*)
                0x00800164                PROVIDE (__noinit_end, .)
                0x00800164                _end = .
                0x00800164                PROVIDE (__heap_start, .)

.eeprom         0x00810000        0x0
 *(.eeprom*)
                0x00810000                __eeprom_end = .

.fuse
 *(.fuse)
 *(.lfuse)
 *(.hfuse)
 *(.efuse)

.lock
 *(.lock*)

.signature
 *(.signature*)

.stab
 *(.stab)

.stabstr
 *(.stabstr)

.stab.excl
 *(.stab.excl)

.stab.exclstr
 *(.stab.exclstr)

.stab.index
 *(.stab.index)

.stab.indexstr
 *(.stab.indexstr)

.comment
 *(.comment)

.debug
 *(.debug)

.line
 *(.line)

.debug_srcinfo
 *(.debug_srcinfo)

.debug_sfnames
 *(.debug_sfnames)

.debug_aranges  0x00000000      0x2c0
 *(.debug_aranges)
 .debug_aranges
                0x00000000       0x50 BootloaderHID.o
 .debug_aranges
                0x00000050       0x20 Descriptors.o
 .debug_aranges
                0x00000070       0x20 ../../LUFA/Drivers/USB/Core/AVR8/Device_AVR8.o
 .debug_aranges
                0x00000090       0x38 ../../LUFA/Drivers/USB/Core/AVR8/Endpoint_AVR8.o
 .debug_aranges
                0x000000c8       0x30 ../../LUFA/Drivers/USB/Core/AVR8/USBController_AVR8.o
 .debug_aranges
                0x000000f8       0x30 ../../LUFA/Drivers/USB/Core/AVR8/USBInterrupt_AVR8.o
 .debug_aranges
                0x00000128       0x38 ../../LUFA/Drivers/USB/Core/ConfigDescriptor.o
 .debug_aranges
                0x00000160       0x20 ../../LUFA/Drivers/USB/Core/DeviceStandardReq.o
 .debug_aranges
                0x00000180       0x20 ../../LUFA/Drivers/USB/Core/Events.o
 .debug_aranges
                0x000001a0       0xc8 ../../LUFA/Drivers/USB/Core/EndpointStream.o
 .debug_aranges
                0x00000268       0x20 ../../LUFA/Drivers/USB/Core/USBTask.o
 .debug_aranges
                0x00000288       0x38 ../../LUFA/Drivers/USB/Class/Common/HIDParser.o

.debug_pubnames
                0x00000000      0x773
 *(.debug_pubnames)
 .debug_pubnames
                0x00000000       0xdf BootloaderHID.o
 .debug_pubnames
                0x000000df       0x70 Descriptors.o
 .debug_pubnames
                0x0000014f       0x32 ../../LUFA/Drivers/USB/Core/AVR8/Device_AVR8.o
 .debug_pubnames
                0x00000181       0x8b ../../LUFA/Drivers/USB/Core/AVR8/Endpoint_AVR8.o
 .debug_pubnames
                0x0000020c       0x46 ../../LUFA/Drivers/USB/Core/AVR8/USBController_AVR8.o
 .debug_pubnames
                0x00000252       0x62 ../../LUFA/Drivers/USB/Core/AVR8/USBInterrupt_AVR8.o
 .debug_pubnames
                0x000002b4       0x9b ../../LUFA/Drivers/USB/Core/ConfigDescriptor.o
 .debug_pubnames
                0x0000034f       0x53 ../../LUFA/Drivers/USB/Core/DeviceStandardReq.o
 .debug_pubnames
                0x000003a2       0x25 ../../LUFA/Drivers/USB/Core/Events.o
 .debug_pubnames
                0x000003c7      0x2df ../../LUFA/Drivers/USB/Core/EndpointStream.o
 .debug_pubnames
                0x000006a6       0x4f ../../LUFA/Drivers/USB/Core/USBTask.o
 .debug_pubnames
                0x000006f5       0x7e ../../LUFA/Drivers/USB/Class/Common/HIDParser.o

.debug_info     0x00000000     0x428c
 *(.debug_info)
 .debug_info    0x00000000      0x4de BootloaderHID.o
 .debug_info    0x000004de      0x51a Descriptors.o
 .debug_info    0x000009f8       0xc4 ../../LUFA/Drivers/USB/Core/AVR8/Device_AVR8.o
 .debug_info    0x00000abc      0x3cb ../../LUFA/Drivers/USB/Core/AVR8/Endpoint_AVR8.o
 .debug_info    0x00000e87        0x0 ../../LUFA/Drivers/USB/Core/AVR8/Host_AVR8.o
 .debug_info    0x00000e87        0x0 ../../LUFA/Drivers/USB/Core/AVR8/Pipe_AVR8.o
 .debug_info    0x00000e87      0x493 ../../LUFA/Drivers/USB/Core/AVR8/USBController_AVR8.o
 .debug_info    0x0000131a      0x510 ../../LUFA/Drivers/USB/Core/AVR8/USBInterrupt_AVR8.o
 .debug_info    0x0000182a      0x34e ../../LUFA/Drivers/USB/Core/ConfigDescriptor.o
 .debug_info    0x00001b78      0x819 ../../LUFA/Drivers/USB/Core/DeviceStandardReq.o
 .debug_info    0x00002391       0x79 ../../LUFA/Drivers/USB/Core/Events.o
 .debug_info    0x0000240a     0x1569 ../../LUFA/Drivers/USB/Core/EndpointStream.o
 .debug_info    0x00003973        0x0 ../../LUFA/Drivers/USB/Core/HostStandardReq.o
 .debug_info    0x00003973        0x0 ../../LUFA/Drivers/USB/Core/PipeStream.o
 .debug_info    0x00003973      0x224 ../../LUFA/Drivers/USB/Core/USBTask.o
 .debug_info    0x00003b97      0x6f5 ../../LUFA/Drivers/USB/Class/Common/HIDParser.o
 *(.gnu.linkonce.wi.*)

.debug_abbrev   0x00000000     0x1153
 *(.debug_abbrev)
 .debug_abbrev  0x00000000      0x26b BootloaderHID.o
 .debug_abbrev  0x0000026b      0x139 Descriptors.o
 .debug_abbrev  0x000003a4       0x79 ../../LUFA/Drivers/USB/Core/AVR8/Device_AVR8.o
 .debug_abbrev  0x0000041d      0x179 ../../LUFA/Drivers/USB/Core/AVR8/Endpoint_AVR8.o
 .debug_abbrev  0x00000596        0x1 ../../LUFA/Drivers/USB/Core/AVR8/Host_AVR8.o
 .debug_abbrev  0x00000597        0x1 ../../LUFA/Drivers/USB/Core/AVR8/Pipe_AVR8.o
 .debug_abbrev  0x00000598      0x18a ../../LUFA/Drivers/USB/Core/AVR8/USBController_AVR8.o
 .debug_abbrev  0x00000722      0x16f ../../LUFA/Drivers/USB/Core/AVR8/USBInterrupt_AVR8.o
 .debug_abbrev  0x00000891      0x15c ../../LUFA/Drivers/USB/Core/ConfigDescriptor.o
 .debug_abbrev  0x000009ed      0x233 ../../LUFA/Drivers/USB/Core/DeviceStandardReq.o
 .debug_abbrev  0x00000c20       0x4a ../../LUFA/Drivers/USB/Core/Events.o
 .debug_abbrev  0x00000c6a      0x1a3 ../../LUFA/Drivers/USB/Core/EndpointStream.o
 .debug_abbrev  0x00000e0d        0x1 ../../LUFA/Drivers/USB/Core/HostStandardReq.o
 .debug_abbrev  0x00000e0e        0x1 ../../LUFA/Drivers/USB/Core/PipeStream.o
 .debug_abbrev  0x00000e0f      0x15d ../../LUFA/Drivers/USB/Core/USBTask.o
 .debug_abbrev  0x00000f6c      0x1e7 ../../LUFA/Drivers/USB/Class/Common/HIDParser.o

.debug_line     0x00000000     0x3c54
 *(.debug_line)
 .debug_line    0x00000000      0x6ab BootloaderHID.o
 .debug_line    0x000006ab      0x142 Descriptors.o
 .debug_line    0x000007ed      0x127 ../../LUFA/Drivers/USB/Core/AVR8/Device_AVR8.o
 .debug_line    0x00000914      0x3d9 ../../LUFA/Drivers/USB/Core/AVR8/Endpoint_AVR8.o
 .debug_line    0x00000ced       0x24 ../../LUFA/Drivers/USB/Core/AVR8/Host_AVR8.o
 .debug_line    0x00000d11       0x24 ../../LUFA/Drivers/USB/Core/AVR8/Pipe_AVR8.o
 .debug_line    0x00000d35      0x349 ../../LUFA/Drivers/USB/Core/AVR8/USBController_AVR8.o
 .debug_line    0x0000107e      0x4d2 ../../LUFA/Drivers/USB/Core/AVR8/USBInterrupt_AVR8.o
 .debug_line    0x00001550      0x23e ../../LUFA/Drivers/USB/Core/ConfigDescriptor.o
 .debug_line    0x0000178e      0x555 ../../LUFA/Drivers/USB/Core/DeviceStandardReq.o
 .debug_line    0x00001ce3       0x80 ../../LUFA/Drivers/USB/Core/Events.o
 .debug_line    0x00001d63     0x1765 ../../LUFA/Drivers/USB/Core/EndpointStream.o
 .debug_line    0x000034c8       0x24 ../../LUFA/Drivers/USB/Core/HostStandardReq.o
 .debug_line    0x000034ec       0x24 ../../LUFA/Drivers/USB/Core/PipeStream.o
 .debug_line    0x00003510      0x1ab ../../LUFA/Drivers/USB/Core/USBTask.o
 .debug_line    0x000036bb      0x599 ../../LUFA/Drivers/USB/Class/Common/HIDParser.o

.debug_frame    0x00000000      0x400
 *(.debug_frame)
 .debug_frame   0x00000000       0x80 BootloaderHID.o
 .debug_frame   0x00000080       0x20 Descriptors.o
 .debug_frame   0x000000a0       0x20 ../../LUFA/Drivers/USB/Core/AVR8/Device_AVR8.o
 .debug_frame   0x000000c0       0x50 ../../LUFA/Drivers/USB/Core/AVR8/Endpoint_AVR8.o
 .debug_frame   0x00000110       0x40 ../../LUFA/Drivers/USB/Core/AVR8/USBController_AVR8.o
 .debug_frame   0x00000150       0x40 ../../LUFA/Drivers/USB/Core/AVR8/USBInterrupt_AVR8.o
 .debug_frame   0x00000190       0x50 ../../LUFA/Drivers/USB/Core/ConfigDescriptor.o
 .debug_frame   0x000001e0       0x20 ../../LUFA/Drivers/USB/Core/DeviceStandardReq.o
 .debug_frame   0x00000200       0x20 ../../LUFA/Drivers/USB/Core/Events.o
 .debug_frame   0x00000220      0x170 ../../LUFA/Drivers/USB/Core/EndpointStream.o
 .debug_frame   0x00000390       0x20 ../../LUFA/Drivers/USB/Core/USBTask.o
 .debug_frame   0x000003b0       0x50 ../../LUFA/Drivers/USB/Class/Common/HIDParser.o

.debug_str      0x00000000     0x1ddc
 *(.debug_str)
 .debug_str     0x00000000      0x348 BootloaderHID.o
                                0x3ad (size before relaxing)
 .debug_str     0x00000348      0x459 Descriptors.o
                                0x582 (size before relaxing)
 .debug_str     0x000007a1       0x77 ../../LUFA/Drivers/USB/Core/AVR8/Device_AVR8.o
                                0x132 (size before relaxing)
 .debug_str     0x00000818      0x33d ../../LUFA/Drivers/USB/Core/AVR8/Endpoint_AVR8.o
                                0x48e (size before relaxing)
 .debug_str     0x00000b55      0x20c ../../LUFA/Drivers/USB/Core/AVR8/USBController_AVR8.o
                                0x3f5 (size before relaxing)
 .debug_str     0x00000d61       0xe9 ../../LUFA/Drivers/USB/Core/AVR8/USBInterrupt_AVR8.o
                                0x3a1 (size before relaxing)
 .debug_str     0x00000e4a      0x226 ../../LUFA/Drivers/USB/Core/ConfigDescriptor.o
                                0x2ff (size before relaxing)
 .debug_str     0x00001070      0x399 ../../LUFA/Drivers/USB/Core/DeviceStandardReq.o
                                0x654 (size before relaxing)
 .debug_str     0x00001409       0x34 ../../LUFA/Drivers/USB/Core/Events.o
                                 0xe9 (size before relaxing)
 .debug_str     0x0000143d      0x4af ../../LUFA/Drivers/USB/Core/EndpointStream.o
                                0x746 (size before relaxing)
 .debug_str     0x000018ec       0x6a ../../LUFA/Drivers/USB/Core/USBTask.o
                                0x279 (size before relaxing)
 .debug_str     0x00001956      0x486 ../../LUFA/Drivers/USB/Class/Common/HIDParser.o
                                0x5d7 (size before relaxing)

.debug_loc      0x00000000     0x22d3
 *(.debug_loc)
 .debug_loc     0x00000000       0x56 BootloaderHID.o
 .debug_loc     0x00000056      0x100 Descriptors.o
 .debug_loc     0x00000156       0x74 ../../LUFA/Drivers/USB/Core/AVR8/Endpoint_AVR8.o
 .debug_loc     0x000001ca       0x13 ../../LUFA/Drivers/USB/Core/AVR8/USBController_AVR8.o
 .debug_loc     0x000001dd      0x2c7 ../../LUFA/Drivers/USB/Core/ConfigDescriptor.o
 .debug_loc     0x000004a4      0x132 ../../LUFA/Drivers/USB/Core/DeviceStandardReq.o
 .debug_loc     0x000005d6     0x1886 ../../LUFA/Drivers/USB/Core/EndpointStream.o
 .debug_loc     0x00001e5c      0x477 ../../LUFA/Drivers/USB/Class/Common/HIDParser.o

.debug_macinfo
 *(.debug_macinfo)
OUTPUT(BootloaderHID.elf elf32-avr)
LOAD linker stubs

.debug_ranges   0x00000000      0x2e8
 .debug_ranges  0x00000000       0x48 BootloaderHID.o
 .debug_ranges  0x00000048       0x18 Descriptors.o
 .debug_ranges  0x00000060       0x18 ../../LUFA/Drivers/USB/Core/AVR8/Device_AVR8.o
 .debug_ranges  0x00000078       0x30 ../../LUFA/Drivers/USB/Core/AVR8/Endpoint_AVR8.o
 .debug_ranges  0x000000a8       0x28 ../../LUFA/Drivers/USB/Core/AVR8/USBController_AVR8.o
 .debug_ranges  0x000000d0       0x28 ../../LUFA/Drivers/USB/Core/AVR8/USBInterrupt_AVR8.o
 .debug_ranges  0x000000f8       0x30 ../../LUFA/Drivers/USB/Core/ConfigDescriptor.o
 .debug_ranges  0x00000128       0x18 ../../LUFA/Drivers/USB/Core/DeviceStandardReq.o
 .debug_ranges  0x00000140       0x18 ../../LUFA/Drivers/USB/Core/Events.o
 .debug_ranges  0x00000158       0xc0 ../../LUFA/Drivers/USB/Core/EndpointStream.o
 .debug_ranges  0x00000218       0x30 ../../LUFA/Drivers/USB/Core/USBTask.o
 .debug_ranges  0x00000248       0xa0 ../../LUFA/Drivers/USB/Class/Common/HIDParser.o

Cross Reference Table

Symbol                                            File
Bootloader_StartUserApp                           BootloaderHID.o
CALLBACK_HIDParser_FilterHIDReportItem            ../../LUFA/Drivers/USB/Class/Common/HIDParser.o
CALLBACK_USB_GetDescriptor                        Descriptors.o
                                                  ../../LUFA/Drivers/USB/Core/DeviceStandardReq.o
ConfigurationDescriptor                           Descriptors.o
CurrAddress                                       BootloaderHID.o
DeviceDescriptor                                  Descriptors.o
EVENT_USB_Device_ConfigurationChanged             BootloaderHID.o
                                                  ../../LUFA/Drivers/USB/Core/DeviceStandardReq.o
EVENT_USB_Device_Connect                          ../../LUFA/Drivers/USB/Core/Events.o
                                                  ../../LUFA/Drivers/USB/Core/AVR8/USBInterrupt_AVR8.o
EVENT_USB_Device_ControlRequest                   BootloaderHID.o
                                                  ../../LUFA/Drivers/USB/Core/DeviceStandardReq.o
EVENT_USB_Device_Disconnect                       ../../LUFA/Drivers/USB/Core/Events.o
                                                  ../../LUFA/Drivers/USB/Core/AVR8/USBInterrupt_AVR8.o
EVENT_USB_Device_Reset                            ../../LUFA/Drivers/USB/Core/Events.o
                                                  ../../LUFA/Drivers/USB/Core/AVR8/USBInterrupt_AVR8.o
EVENT_USB_Device_StartOfFrame                     ../../LUFA/Drivers/USB/Core/Events.o
EVENT_USB_Device_Suspend                          ../../LUFA/Drivers/USB/Core/Events.o
                                                  ../../LUFA/Drivers/USB/Core/AVR8/USBInterrupt_AVR8.o
EVENT_USB_Device_WakeUp                           ../../LUFA/Drivers/USB/Core/Events.o
                                                  ../../LUFA/Drivers/USB/Core/AVR8/USBInterrupt_AVR8.o
Endpoint_ClearEndpoints                           ../../LUFA/Drivers/USB/Core/AVR8/Endpoint_AVR8.o
Endpoint_ClearStatusStage                         ../../LUFA/Drivers/USB/Core/AVR8/Endpoint_AVR8.o
                                                  ../../LUFA/Drivers/USB/Core/DeviceStandardReq.o
                                                  BootloaderHID.o
Endpoint_ConfigureEndpoint_Prv                    ../../LUFA/Drivers/USB/Core/AVR8/Endpoint_AVR8.o
                                                  ../../LUFA/Drivers/USB/Core/AVR8/USBInterrupt_AVR8.o
                                                  ../../LUFA/Drivers/USB/Core/AVR8/USBController_AVR8.o
                                                  BootloaderHID.o
Endpoint_Discard_Stream                           ../../LUFA/Drivers/USB/Core/EndpointStream.o
Endpoint_Null_Stream                              ../../LUFA/Drivers/USB/Core/EndpointStream.o
Endpoint_Read_Control_EStream_BE                  ../../LUFA/Drivers/USB/Core/EndpointStream.o
Endpoint_Read_Control_EStream_LE                  ../../LUFA/Drivers/USB/Core/EndpointStream.o
Endpoint_Read_Control_Stream_BE                   ../../LUFA/Drivers/USB/Core/EndpointStream.o
Endpoint_Read_Control_Stream_LE                   ../../LUFA/Drivers/USB/Core/EndpointStream.o
Endpoint_Read_EStream_BE                          ../../LUFA/Drivers/USB/Core/EndpointStream.o
Endpoint_Read_EStream_LE                          ../../LUFA/Drivers/USB/Core/EndpointStream.o
Endpoint_Read_Stream_BE                           ../../LUFA/Drivers/USB/Core/EndpointStream.o
Endpoint_Read_Stream_LE                           ../../LUFA/Drivers/USB/Core/EndpointStream.o
Endpoint_WaitUntilReady                           ../../LUFA/Drivers/USB/Core/AVR8/Endpoint_AVR8.o
                                                  ../../LUFA/Drivers/USB/Core/EndpointStream.o
Endpoint_Write_Control_EStream_BE                 ../../LUFA/Drivers/USB/Core/EndpointStream.o
Endpoint_Write_Control_EStream_LE                 ../../LUFA/Drivers/USB/Core/EndpointStream.o
Endpoint_Write_Control_PStream_BE                 ../../LUFA/Drivers/USB/Core/EndpointStream.o
Endpoint_Write_Control_PStream_LE                 ../../LUFA/Drivers/USB/Core/EndpointStream.o
Endpoint_Write_Control_Stream_BE                  ../../LUFA/Drivers/USB/Core/EndpointStream.o
Endpoint_Write_Control_Stream_LE                  ../../LUFA/Drivers/USB/Core/EndpointStream.o
                                                  ../../LUFA/Drivers/USB/Core/DeviceStandardReq.o
Endpoint_Write_EStream_BE                         ../../LUFA/Drivers/USB/Core/EndpointStream.o
Endpoint_Write_EStream_LE                         ../../LUFA/Drivers/USB/Core/EndpointStream.o
Endpoint_Write_PStream_BE                         ../../LUFA/Drivers/USB/Core/EndpointStream.o
Endpoint_Write_PStream_LE                         ../../LUFA/Drivers/USB/Core/EndpointStream.o
Endpoint_Write_Stream_BE                          ../../LUFA/Drivers/USB/Core/EndpointStream.o
Endpoint_Write_Stream_LE                          ../../LUFA/Drivers/USB/Core/EndpointStream.o
HIDReport                                         Descriptors.o
SetupHardware                                     BootloaderHID.o
USB_ConfigurationNumber                           ../../LUFA/Drivers/USB/Core/DeviceStandardReq.o
                                                  ../../LUFA/Drivers/USB/Core/AVR8/USBInterrupt_AVR8.o
                                                  ../../LUFA/Drivers/USB/Core/AVR8/USBController_AVR8.o
USB_ControlRequest                                ../../LUFA/Drivers/USB/Core/USBTask.o
                                                  ../../LUFA/Drivers/USB/Core/EndpointStream.o
                                                  ../../LUFA/Drivers/USB/Core/DeviceStandardReq.o
                                                  ../../LUFA/Drivers/USB/Core/AVR8/Endpoint_AVR8.o
                                                  BootloaderHID.o
USB_Device_ProcessControlRequest                  ../../LUFA/Drivers/USB/Core/DeviceStandardReq.o
                                                  ../../LUFA/Drivers/USB/Core/USBTask.o
USB_Device_SendRemoteWakeup                       ../../LUFA/Drivers/USB/Core/AVR8/Device_AVR8.o
USB_Disable                                       ../../LUFA/Drivers/USB/Core/AVR8/USBController_AVR8.o
                                                  BootloaderHID.o
USB_Event_Stub                                    ../../LUFA/Drivers/USB/Core/Events.o
USB_GetHIDReportItemInfo                          ../../LUFA/Drivers/USB/Class/Common/HIDParser.o
USB_GetHIDReportSize                              ../../LUFA/Drivers/USB/Class/Common/HIDParser.o
USB_GetNextDescriptorComp                         ../../LUFA/Drivers/USB/Core/ConfigDescriptor.o
USB_GetNextDescriptorOfType                       ../../LUFA/Drivers/USB/Core/ConfigDescriptor.o
USB_GetNextDescriptorOfTypeAfter                  ../../LUFA/Drivers/USB/Core/ConfigDescriptor.o
USB_GetNextDescriptorOfTypeBefore                 ../../LUFA/Drivers/USB/Core/ConfigDescriptor.o
USB_INT_ClearAllInterrupts                        ../../LUFA/Drivers/USB/Core/AVR8/USBInterrupt_AVR8.o
                                                  ../../LUFA/Drivers/USB/Core/AVR8/USBController_AVR8.o
USB_INT_DisableAllInterrupts                      ../../LUFA/Drivers/USB/Core/AVR8/USBInterrupt_AVR8.o
                                                  ../../LUFA/Drivers/USB/Core/AVR8/USBController_AVR8.o
USB_Init                                          ../../LUFA/Drivers/USB/Core/AVR8/USBController_AVR8.o
                                                  BootloaderHID.o
USB_IsInitialized                                 ../../LUFA/Drivers/USB/Core/USBTask.o
                                                  ../../LUFA/Drivers/USB/Core/AVR8/USBController_AVR8.o
USB_ProcessHIDReport                              ../../LUFA/Drivers/USB/Class/Common/HIDParser.o
USB_ResetInterface                                ../../LUFA/Drivers/USB/Core/AVR8/USBController_AVR8.o
USB_SetHIDReportItemInfo                          ../../LUFA/Drivers/USB/Class/Common/HIDParser.o
USB_USBTask                                       ../../LUFA/Drivers/USB/Core/USBTask.o
                                                  ../../LUFA/Drivers/USB/Core/EndpointStream.o
                                                  BootloaderHID.o
__bad_interrupt                                   c:/winavr-20100110/bin/../lib/gcc/avr/4.3.3/../../../../avr/lib/avr5/crtm32u4.o
__bss_end                                         c:/winavr-20100110/bin/../lib/gcc/avr/4.3.3/avr5\libgcc.a(_clear_bss.o)
__bss_start                                       c:/winavr-20100110/bin/../lib/gcc/avr/4.3.3/avr5\libgcc.a(_clear_bss.o)
__data_end                                        c:/winavr-20100110/bin/../lib/gcc/avr/4.3.3/avr5\libgcc.a(_copy_data.o)
__data_load_start                                 c:/winavr-20100110/bin/../lib/gcc/avr/4.3.3/avr5\libgcc.a(_copy_data.o)
__data_start                                      c:/winavr-20100110/bin/../lib/gcc/avr/4.3.3/avr5\libgcc.a(_copy_data.o)
__do_clear_bss                                    c:/winavr-20100110/bin/../lib/gcc/avr/4.3.3/avr5\libgcc.a(_clear_bss.o)
                                                  ../../LUFA/Drivers/USB/Core/USBTask.o
                                                  ../../LUFA/Drivers/USB/Core/DeviceStandardReq.o
                                                  BootloaderHID.o
__do_copy_data                                    c:/winavr-20100110/bin/../lib/gcc/avr/4.3.3/avr5\libgcc.a(_copy_data.o)
                                                  Descriptors.o
                                                  BootloaderHID.o
__eerd_byte_m32u4                                 c:/winavr-20100110/bin/../lib/gcc/avr/4.3.3/../../../../avr/lib/avr5\libc.a(eerd_byte_atmega32u4.o)
                                                  ../../LUFA/Drivers/USB/Core/EndpointStream.o
__eeupd_byte_m32u4                                c:/winavr-20100110/bin/../lib/gcc/avr/4.3.3/../../../../avr/lib/avr5\libc.a(eeupd_byte_atmega32u4.o)
                                                  ../../LUFA/Drivers/USB/Core/EndpointStream.o
__eeupd_r18_m32u4                                 c:/winavr-20100110/bin/../lib/gcc/avr/4.3.3/../../../../avr/lib/avr5\libc.a(eeupd_byte_atmega32u4.o)
__heap_end                                        c:/winavr-20100110/bin/../lib/gcc/avr/4.3.3/../../../../avr/lib/avr5/crtm32u4.o
__init                                            c:/winavr-20100110/bin/../lib/gcc/avr/4.3.3/../../../../avr/lib/avr5/crtm32u4.o
__stack                                           c:/winavr-20100110/bin/../lib/gcc/avr/4.3.3/../../../../avr/lib/avr5/crtm32u4.o
__vector_1                                        c:/winavr-20100110/bin/../lib/gcc/avr/4.3.3/../../../../avr/lib/avr5/crtm32u4.o
__vector_10                                       ../../LUFA/Drivers/USB/Core/AVR8/USBInterrupt_AVR8.o
                                                  c:/winavr-20100110/bin/../lib/gcc/avr/4.3.3/../../../../avr/lib/avr5/crtm32u4.o
__vector_11                                       c:/winavr-20100110/bin/../lib/gcc/avr/4.3.3/../../../../avr/lib/avr5/crtm32u4.o
__vector_12                                       c:/winavr-20100110/bin/../lib/gcc/avr/4.3.3/../../../../avr/lib/avr5/crtm32u4.o
__vector_13                                       c:/winavr-20100110/bin/../lib/gcc/avr/4.3.3/../../../../avr/lib/avr5/crtm32u4.o
__vector_14                                       c:/winavr-20100110/bin/../lib/gcc/avr/4.3.3/../../../../avr/lib/avr5/crtm32u4.o
__vector_15                                       c:/winavr-20100110/bin/../lib/gcc/avr/4.3.3/../../../../avr/lib/avr5/crtm32u4.o
__vector_16                                       c:/winavr-20100110/bin/../lib/gcc/avr/4.3.3/../../../../avr/lib/avr5/crtm32u4.o
__vector_17                                       BootloaderHID.o
                                                  c:/winavr-20100110/bin/../lib/gcc/avr/4.3.3/../../../../avr/lib/avr5/crtm32u4.o
__vector_18                                       c:/winavr-20100110/bin/../lib/gcc/avr/4.3.3/../../../../avr/lib/avr5/crtm32u4.o
__vector_19                                       c:/winavr-20100110/bin/../lib/gcc/avr/4.3.3/../../../../avr/lib/avr5/crtm32u4.o
__vector_2                                        c:/winavr-20100110/bin/../lib/gcc/avr/4.3.3/../../../../avr/lib/avr5/crtm32u4.o
__vector_20                                       c:/winavr-20100110/bin/../lib/gcc/avr/4.3.3/../../../../avr/lib/avr5/crtm32u4.o
__vector_21                                       c:/winavr-20100110/bin/../lib/gcc/avr/4.3.3/../../../../avr/lib/avr5/crtm32u4.o
__vector_22                                       c:/winavr-20100110/bin/../lib/gcc/avr/4.3.3/../../../../avr/lib/avr5/crtm32u4.o
__vector_23                                       c:/winavr-20100110/bin/../lib/gcc/avr/4.3.3/../../../../avr/lib/avr5/crtm32u4.o
__vector_24                                       c:/winavr-20100110/bin/../lib/gcc/avr/4.3.3/../../../../avr/lib/avr5/crtm32u4.o
__vector_25                                       c:/winavr-20100110/bin/../lib/gcc/avr/4.3.3/../../../../avr/lib/avr5/crtm32u4.o
__vector_26                                       c:/winavr-20100110/bin/../lib/gcc/avr/4.3.3/../../../../avr/lib/avr5/crtm32u4.o
__vector_27                                       c:/winavr-20100110/bin/../lib/gcc/avr/4.3.3/../../../../avr/lib/avr5/crtm32u4.o
__vector_28                                       c:/winavr-20100110/bin/../lib/gcc/avr/4.3.3/../../../../avr/lib/avr5/crtm32u4.o
__vector_29                                       c:/winavr-20100110/bin/../lib/gcc/avr/4.3.3/../../../../avr/lib/avr5/crtm32u4.o
__vector_3                                        c:/winavr-20100110/bin/../lib/gcc/avr/4.3.3/../../../../avr/lib/avr5/crtm32u4.o
__vector_30                                       c:/winavr-20100110/bin/../lib/gcc/avr/4.3.3/../../../../avr/lib/avr5/crtm32u4.o
__vector_31                                       c:/winavr-20100110/bin/../lib/gcc/avr/4.3.3/../../../../avr/lib/avr5/crtm32u4.o
__vector_32                                       c:/winavr-20100110/bin/../lib/gcc/avr/4.3.3/../../../../avr/lib/avr5/crtm32u4.o
__vector_33                                       c:/winavr-20100110/bin/../lib/gcc/avr/4.3.3/../../../../avr/lib/avr5/crtm32u4.o
__vector_34                                       c:/winavr-20100110/bin/../lib/gcc/avr/4.3.3/../../../../avr/lib/avr5/crtm32u4.o
__vector_35                                       c:/winavr-20100110/bin/../lib/gcc/avr/4.3.3/../../../../avr/lib/avr5/crtm32u4.o
__vector_36                                       c:/winavr-20100110/bin/../lib/gcc/avr/4.3.3/../../../../avr/lib/avr5/crtm32u4.o
__vector_37                                       c:/winavr-20100110/bin/../lib/gcc/avr/4.3.3/../../../../avr/lib/avr5/crtm32u4.o
__vector_38                                       c:/winavr-20100110/bin/../lib/gcc/avr/4.3.3/../../../../avr/lib/avr5/crtm32u4.o
__vector_39                                       c:/winavr-20100110/bin/../lib/gcc/avr/4.3.3/../../../../avr/lib/avr5/crtm32u4.o
__vector_4                                        c:/winavr-20100110/bin/../lib/gcc/avr/4.3.3/../../../../avr/lib/avr5/crtm32u4.o
__vector_40                                       c:/winavr-20100110/bin/../lib/gcc/avr/4.3.3/../../../../avr/lib/avr5/crtm32u4.o
__vector_41                                       c:/winavr-20100110/bin/../lib/gcc/avr/4.3.3/../../../../avr/lib/avr5/crtm32u4.o
__vector_42                                       c:/winavr-20100110/bin/../lib/gcc/avr/4.3.3/../../../../avr/lib/avr5/crtm32u4.o
__vector_5                                        c:/winavr-20100110/bin/../lib/gcc/avr/4.3.3/../../../../avr/lib/avr5/crtm32u4.o
__vector_6                                        c:/winavr-20100110/bin/../lib/gcc/avr/4.3.3/../../../../avr/lib/avr5/crtm32u4.o
__vector_7                                        c:/winavr-20100110/bin/../lib/gcc/avr/4.3.3/../../../../avr/lib/avr5/crtm32u4.o
__vector_8                                        c:/winavr-20100110/bin/../lib/gcc/avr/4.3.3/../../../../avr/lib/avr5/crtm32u4.o
__vector_9                                        c:/winavr-20100110/bin/../lib/gcc/avr/4.3.3/../../../../avr/lib/avr5/crtm32u4.o
__vector_default                                  c:/winavr-20100110/bin/../lib/gcc/avr/4.3.3/../../../../avr/lib/avr5/crtm32u4.o
__vectors                                         c:/winavr-20100110/bin/../lib/gcc/avr/4.3.3/../../../../avr/lib/avr5/crtm32u4.o
_exit                                             c:/winavr-20100110/bin/../lib/gcc/avr/4.3.3/avr5\libgcc.a(_exit.o)
exit                                              c:/winavr-20100110/bin/../lib/gcc/avr/4.3.3/avr5\libgcc.a(_exit.o)
                                                  c:/winavr-20100110/bin/../lib/gcc/avr/4.3.3/../../../../avr/lib/avr5/crtm32u4.o
initDisplay                                       BootloaderHID.o
main                                              BootloaderHID.o
                                                  c:/winavr-20100110/bin/../lib/gcc/avr/4.3.3/../../../../avr/lib/avr5/crtm32u4.o
screenMem                                         BootloaderHID.o
start                                             BootloaderHID.o
